MSBuild-Version 17.14.23+b0019275e für .NET Framework

  1>Checking Build System
  Building Custom Rule I:/tc_shop/dep/recastnavigation/Detour/CMakeLists.txt
  Building Custom Rule I:/tc_shop/dep/argon2/CMakeLists.txt
  Building Custom Rule I:/tc_shop/dep/recastnavigation/Recast/CMakeLists.txt
  DetourAlloc.cpp
  DetourAssert.cpp
  DetourCommon.cpp
  DetourNavMesh.cpp
  DetourNavMeshBuilder.cpp
  DetourNavMeshQuery.cpp
  DetourNode.cpp
  argon2.c
  core.c
  encoding.c
  thread.c
  blake2b.c
  opt.c
  Recast.cpp
  RecastAlloc.cpp
  RecastAssert.cpp
  RecastArea.cpp
  RecastContour.cpp
  RecastFilter.cpp
  RecastLayers.cpp
  RecastMesh.cpp
  RecastMeshDetail.cpp
  RecastRasterization.cpp
  RecastRegion.cpp
  Detour.vcxproj -> I:\tc_shop\build\dep\recastnavigation\Detour\Release\Detour.lib
  argon2.vcxproj -> I:\tc_shop\build\dep\argon2\Release\argon2.lib
  Building Custom Rule I:/tc_shop/dep/fmt/CMakeLists.txt
  Building Custom Rule I:/tc_shop/dep/zlib/CMakeLists.txt
  format.cc
  os.cc
  adler32.c
  compress.c
  crc32.c
  deflate.c
  infback.c
  inffast.c
  inflate.c
  inftrees.c
  trees.c
  uncompr.c
  zutil.c
  zlib.vcxproj -> I:\tc_shop\build\dep\zlib\Release\zlib.lib
  Building Custom Rule I:/tc_shop/dep/g3dlite/CMakeLists.txt
  cmake_pch.cxx
  fmt.vcxproj -> I:\tc_shop\build\dep\fmt\Release\fmt.lib
  Building Custom Rule I:/tc_shop/dep/openssl_ed25519/CMakeLists.txt
  curve25519.c
  AABox.cpp
  Any.cpp
  AnyTableReader.cpp
  BinaryFormat.cpp
  BinaryInput.cpp
  BinaryOutput.cpp
  Box.cpp
  Capsule.cpp
  CollisionDetection.cpp
  CoordinateFrame.cpp
  Crypto.cpp
  Cylinder.cpp
  debugAssert.cpp
  FileSystem.cpp
  fileutils.cpp
  format.cpp
  g3dfnmatch.cpp
  g3dmath.cpp
  GThread.cpp
  Line.cpp
  LineSegment.cpp
  Log.cpp
  Matrix3.cpp
  Matrix4.cpp
  MemoryManager.cpp
  PhysicsFrame.cpp
  Plane.cpp
  prompt.cpp
  Quat.cpp
  Random.cpp
  Ray.cpp
  RegistryUtil.cpp
  Sphere.cpp
  stringutils.cpp
  System.cpp
  TextInput.cpp
  TextOutput.cpp
  Triangle.cpp
  uint128.cpp
  UprightFrame.cpp
  Vector2.cpp
  Vector3.cpp
  Vector4.cpp
     Bibliothek "I:/tc_shop/build/dep/openssl_ed25519/Release/openssl_ed25519.lib" und Objekt "I:/tc_shop/build/dep/openssl_ed25519/Release/openssl_ed25519.exp" werden erstellt.
  openssl_ed25519.vcxproj -> I:\tc_shop\build\bin\Release\openssl_ed25519.dll
  Der Befehl "pwsh.exe" ist entweder falsch geschrieben oder
  konnte nicht gefunden werden.
  g3dlib.vcxproj -> I:\tc_shop\build\dep\g3dlite\Release\g3dlib.lib
  Building Custom Rule I:/tc_shop/dep/SFMT/CMakeLists.txt
  SFMT.c
  Building Custom Rule I:/tc_shop/dep/protobuf/CMakeLists.txt
  sfmt.vcxproj -> I:\tc_shop\build\dep\SFMT\Release\sfmt.lib
  cmake_pch.cxx
  importer.cc
  parser.cc
  descriptor.cc
  Building Custom Rule I:/tc_shop/src/genrev/CMakeLists.txt
  descriptor.pb.cc
  descriptor_database.cc
  dynamic_message.cc
  extension_set.cc
  extension_set_heavy.cc
  generated_message_reflection.cc
  generated_message_util.cc
  coded_stream.cc
  gzip_stream.cc
  printer.cc
  strtod.cc
  tokenizer.cc
  zero_copy_stream.cc
  zero_copy_stream_impl.cc
  zero_copy_stream_impl_lite.cc
  message.cc
  message_lite.cc
  reflection_ops.cc
  repeated_field.cc
  service.cc
  atomicops_internals_x86_gcc.cc
  atomicops_internals_x86_msvc.cc
  common.cc
  once.cc
  stringprintf.cc
  structurally_valid.cc
  strutil.cc
  substitute.cc
  text_format.cc
  unknown_field_set.cc
  wire_format.cc
  wire_format_lite.cc
  Recast.vcxproj -> I:\tc_shop\build\dep\recastnavigation\Recast\Release\Recast.lib
  Building Custom Rule I:/tc_shop/src/common/CMakeLists.txt
  cmake_pch.cxx
  protobuf.vcxproj -> I:\tc_shop\build\dep\protobuf\Release\protobuf.lib
  Banner.cpp
  Common.cpp
  GitRevision.cpp
  BoundingIntervalHierarchy.cpp
  DynamicTree.cpp
  VMapFactory.cpp
  VMapManager.cpp
  MapDefines.cpp
  MapTree.cpp
  GameObjectModel.cpp
  ModelInstance.cpp
  WorldModel.cpp
  BuiltInConfig.cpp
  Config.cpp
  AES.cpp
  ARC4.cpp
  Argon2Hash.cpp
  BigNumber.cpp
  CryptoRandom.cpp
  Ed25519.cpp
  OpenSSLCrypto.cpp
  RSA.cpp
  TOTP.cpp
  SRP6.cpp
  WorldPacketCrypt.cpp
  DB2FileLoader.cpp
  DB2FileSystemSource.cpp
  DB2Meta.cpp
  Errors.cpp
  Base32.cpp
  Base64.cpp
  Appender.cpp
  AppenderConsole.cpp
  AppenderFile.cpp
  Log.cpp
  LogMessage.cpp
  LogOperation.cpp
  Logger.cpp
  enuminfo_AppenderConsole.cpp
  enuminfo_LogCommon.cpp
  Metric.cpp
  ProcessPriority.cpp
  Timezone.cpp
  EventMap.cpp
  EventProcessor.cpp
  Locales.cpp
  Random.cpp
  SFMTRand.cpp
  StartProcess.cpp
  StringFormat.cpp
  TaskScheduler.cpp
  Util.cpp
  WheatyExceptionReport.cpp
  ServiceWin32.cpp
  common.vcxproj -> I:\tc_shop\build\src\common\Release\common.lib
  Building Custom Rule I:/tc_shop/src/common/network/CMakeLists.txt
  Building Custom Rule I:/tc_shop/src/server/database/CMakeLists.txt
  Building Custom Rule I:/tc_shop/src/common/mmaps_common/CMakeLists.txt
  cmake_pch.cxx
  cmake_pch.cxx
  IntermediateValues.cpp
  TerrainBuilder.cpp
  TileBuilder.cpp
  MMapManager.cpp
  mmaps_common.vcxproj -> I:\tc_shop\build\src\common\mmaps_common\Release\mmaps_common.lib
  Building Custom Rule I:/tc_shop/src/server/proto/CMakeLists.txt
  AdhocStatement.cpp
  DatabaseEnv.cpp
  DatabaseLoader.cpp
  DatabaseWorkerPool.cpp
  Field.cpp
  FieldValueConverter.cpp
  MySQLConnection.cpp
  MySQLPreparedStatement.cpp
  MySQLThreading.cpp
  PreparedStatement.cpp
  QueryCallback.cpp
  QueryHolder.cpp
  QueryResult.cpp
  Transaction.cpp
  CharacterDatabase.cpp
  HotfixDatabase.cpp
  LoginDatabase.cpp
  WorldDatabase.cpp
  AppenderDB.cpp
  DBUpdater.cpp
  UpdateFetcher.cpp
  cmake_pch.cxx
  ServiceBase.cpp
  challenge_service.pb.cc
  connection_service.pb.cc
  content_handle_types.pb.cc
  entity_types.pb.cc
  ets_types.pb.cc
  game_utilities_types.pb.cc
  profanity_filter_config.pb.cc
  resource_service.pb.cc
  role_types.pb.cc
  rpc_config.pb.cc
  rpc_types.pb.cc
  semantic_version.pb.cc
  block_list_listener.pb.cc
  block_list_service.pb.cc
  block_list_types.pb.cc
  channel_id.pb.cc
  channel_types.pb.cc
  club_ban.pb.cc
  club_invitation.pb.cc
  club_listener.pb.cc
  club_member.pb.cc
  club_membership_listener.pb.cc
  club_membership_service.pb.cc
  club_membership_types.pb.cc
  club_name_generator.pb.cc
  club_notification.pb.cc
  club_range_set.pb.cc
  club_request.pb.cc
  club_role.pb.cc
  club_service.pb.cc
  club_stream.pb.cc
  club_types.pb.cc
  authentication_listener.pb.cc
  authentication_types.pb.cc
  friends_listener.pb.cc
  notification_listener.pb.cc
  whisper_listener.pb.cc
  whisper_service.pb.cc
  club_member_id.pb.cc
  club_tag.pb.cc
  club_type.pb.cc
  account_identity.pb.cc
  game_account_handle.pb.cc
  whisper_types.pb.cc
  field_options.pb.cc
  file_options.pb.cc
  message_options.pb.cc
  method_options.pb.cc
  range.pb.cc
  register_method_types.pb.cc
  routing.pb.cc
  service_options.pb.cc
  Login.pb.cc
  RealmList.pb.cc
  IpAddress.cpp
  IpNetwork.cpp
  Resolver.cpp
  SslStream.cpp
  BaseHttpSocket.cpp
  HttpService.cpp
  HttpSocket.cpp
  HttpSslSocket.cpp
  account_service.pb.cc
  database.vcxproj -> I:\tc_shop\build\src\server\database\Release\database.lib
  account_types.pb.cc
  attribute_types.pb.cc
  authentication_service.pb.cc
  embed_types.pb.cc
  event_view_types.pb.cc
  friends_service.pb.cc
  network.vcxproj -> I:\tc_shop\build\src\common\network\Release\trinity_network.lib
  friends_types.pb.cc
  game_utilities_service.pb.cc
  invitation_types.pb.cc
  message_types.pb.cc
  notification_service.pb.cc
  notification_types.pb.cc
  presence_listener.pb.cc
  presence_service.pb.cc
  presence_types.pb.cc
  report_service.pb.cc
  report_types.pb.cc
  voice_types.pb.cc
  club_core.pb.cc
  club_enum.pb.cc
  account_service.pb.cc
  authentication_service.pb.cc
  friends_service.pb.cc
  friends_types.pb.cc
  game_utilities_service.pb.cc
  notification_service.pb.cc
  notification_types.pb.cc
  presence_listener.pb.cc
  presence_service.pb.cc
  presence_types.pb.cc
  report_service.pb.cc
  report_types.pb.cc
  report_service.pb.cc
  report_types.pb.cc
  club_core.pb.cc
  club_enum.pb.cc
  embed_types.pb.cc
  event_view_types.pb.cc
  invitation_types.pb.cc
  message_types.pb.cc
  voice_types.pb.cc
  account_types.pb.cc
  attribute_types.pb.cc
  proto.vcxproj -> I:\tc_shop\build\src\server\proto\Release\proto.lib
  Building Custom Rule I:/tc_shop/src/server/shared/CMakeLists.txt
  cmake_pch.cxx
  DB2DatabaseLoader.cpp
  DB2Store.cpp
  IPLocation.cpp
  ProtobufJSON.cpp
  IpBanCheckConnectionInitializer.cpp
  ByteBuffer.cpp
  ClientBuildInfo.cpp
  Realm.cpp
  RealmList.cpp
  SecretMgr.cpp
  shared.vcxproj -> I:\tc_shop\build\src\server\shared\Release\shared.lib
  Building Custom Rule I:/tc_shop/src/server/game/CMakeLists.txt
  cmake_pch.cxx
  CreatureAI.cpp
  CreatureAIRegistry.cpp
  CreatureAISelector.cpp
  AreaTriggerAI.cpp
  CombatAI.cpp
  ConversationAI.cpp
  GameObjectAI.cpp
  GuardAI.cpp
  PassiveAI.cpp
  PetAI.cpp
  ReactorAI.cpp
  TotemAI.cpp
  UnitAI.cpp
  UnitAICommon.cpp
  enuminfo_UnitAICommon.cpp
  PlayerAI.cpp
  ScriptedCreature.cpp
  ScriptedEscortAI.cpp
  ScriptedFollowerAI.cpp
  ScriptedGossip.cpp
  SmartAI.cpp
  SmartScript.cpp
  SmartScriptMgr.cpp
  AccountMgr.cpp
  BattlenetAccountMgr.cpp
  RBAC.cpp
  AchievementMgr.cpp
  CriteriaHandler.cpp
  AuctionHouseMgr.cpp
  AuctionHouseBot.cpp
  AuctionHouseBotBuyer.cpp
  AuctionHouseBotSeller.cpp
  enuminfo_AuctionHouseBot.cpp
  BattlePayMgr.cpp
  BattlePetMgr.cpp
  Battlefield.cpp
  BattlefieldMgr.cpp
  Arena.cpp
  ArenaScore.cpp
  ArenaTeam.cpp
  ArenaTeamMgr.cpp
  Battleground.cpp
  BattlegroundMgr.cpp
  BattlegroundQueue.cpp
  BattlegroundScore.cpp
  BattlegroundScript.cpp
  enuminfo_ArenaTeam.cpp
  BlackMarketMgr.cpp
  CharacterCache.cpp
  CalendarMgr.cpp
  Chat.cpp
  HyperlinkTags.cpp
  Hyperlinks.cpp
  LanguageMgr.cpp
  Channel.cpp
  ChannelMgr.cpp
  enuminfo_Channel.cpp
  ChatCommand.cpp
  ChatCommandArgs.cpp
  ChatCommandHelpers.cpp
  ChatCommandTags.cpp
  CombatManager.cpp
  ThreatManager.cpp
  ConditionMgr.cpp
  DisableMgr.cpp
  DB2HotfixGenerator.cpp
  DB2Stores.cpp
  GameTables.cpp
  M2Stores.cpp
  LFG.cpp
  LFGGroupData.cpp
  LFGMgr.cpp
  LFGPlayerData.cpp
  LFGQueue.cpp
  LFGScripts.cpp
  Account.cpp
  AreaTrigger.cpp
  AreaTriggerTemplate.cpp
  Conversation.cpp
  Corpse.cpp
  Creature.cpp
  CreatureGroups.cpp
  GossipDef.cpp
  TemporarySummon.cpp
  Trainer.cpp
  enuminfo_CreatureData.cpp
  DynamicObject.cpp
  GameObject.cpp
  Item.cpp
  ItemBonusMgr.cpp
  ItemEnchantmentMgr.cpp
  ItemTemplate.cpp
  enuminfo_ItemDefines.cpp
  AzeriteEmpoweredItem.cpp
  AzeriteItem.cpp
  Bag.cpp
  BaseEntity.cpp
  Object.cpp
  ObjectGuid.cpp
  ObjectGuidSequenceGenerator.cpp
  ObjectPosSelector.cpp
  Position.cpp
  SmoothPhasing.cpp
  UpdateData.cpp
  UpdateFields.cpp
  WowCSEntityDefinitions.cpp
  Pet.cpp
  CinematicMgr.cpp
  CollectionMgr.cpp
  KillRewarder.cpp
  Player.cpp
  PlayerTaxi.cpp
  RestMgr.cpp
  SceneMgr.cpp
  SocialMgr.cpp
  TradeData.cpp
  SceneObject.cpp
  TaxiPathGraph.cpp
  Totem.cpp
  Transport.cpp
  CharmInfo.cpp
  StatSystem.cpp
  Unit.cpp
  Vignette.cpp
  enuminfo_UnitDefines.cpp
  Vehicle.cpp
  GameEventMgr.cpp
  GameEventSender.cpp
  Garrison.cpp
  GarrisonMap.cpp
  GarrisonMgr.cpp
  AreaTriggerDataStore.cpp
  CharacterTemplateDataStore.cpp
  ConversationDataStore.cpp
  ObjectAccessor.cpp
  ObjectMgr.cpp
  GridStates.cpp
  NGrid.cpp
  ObjectGridLoader.cpp
  GridNotifiers.cpp
  Group.cpp
  GroupInstanceReference.cpp
  GroupMgr.cpp
  GroupReference.cpp
  Guild.cpp
  GuildMgr.cpp
  AdventureJournalHandler.cpp
  AdventureMapHandler.cpp
  ArtifactHandler.cpp
  AuctionHouseHandler.cpp
  AuthHandler.cpp
  AzeriteHandler.cpp
  BankHandler.cpp
  BattleGroundHandler.cpp
  BattlePayHandler.cpp
  BattlePetHandler.cpp
  BattlenetHandler.cpp
  BlackMarketHandler.cpp
  CalendarHandler.cpp
  ChannelHandler.cpp
  CharacterHandler.cpp
  ChatHandler.cpp
  CollectionsHandler.cpp
  CombatHandler.cpp
  DuelHandler.cpp
  GarrisonHandler.cpp
  GroupHandler.cpp
  GuildHandler.cpp
  HotfixHandler.cpp
  HousingHandler.cpp
  InspectHandler.cpp
  ItemHandler.cpp
  LFGHandler.cpp
  LootHandler.cpp
  MailHandler.cpp
  MiscHandler.cpp
  MovementHandler.cpp
  NPCHandler.cpp
  PetHandler.cpp
  PetitionsHandler.cpp
  QueryHandler.cpp
  QuestHandler.cpp
  ScenarioHandler.cpp
  SceneHandler.cpp
  SkillHandler.cpp
  SocialHandler.cpp
  SpellHandler.cpp
  TaxiHandler.cpp
  TicketHandler.cpp
  TokenHandler.cpp
  ToyHandler.cpp
  TradeHandler.cpp
  TraitHandler.cpp
  TransmogrificationHandler.cpp
  VehicleHandler.cpp
  InstanceLockMgr.cpp
  InstanceScript.cpp
  InstanceScriptData.cpp
  enuminfo_InstanceScript.cpp
  Loot.cpp
  LootItemStorage.cpp
  LootMgr.cpp
  Mail.cpp
  AreaBoundary.cpp
  DynamicMMapTileBuilder.cpp
  GridMap.cpp
  Map.cpp
  MapManager.cpp
  MapReference.cpp
  MapScripts.cpp
  MapUpdater.cpp
  TerrainMgr.cpp
  TransportMgr.cpp
  ZoneScript.cpp
  enuminfo_SpawnData.cpp
  CommonHelpers.cpp
  CommonPredicates.cpp
  enuminfo_RaceMask.cpp
  enuminfo_SharedDefines.cpp
  AbstractFollower.cpp
  MotionMaster.cpp
  MovementDefines.cpp
  MovementGenerator.cpp
  PathGenerator.cpp
  enuminfo_MovementDefines.cpp
  ChaseMovementGenerator.cpp
  ConfusedMovementGenerator.cpp
  FleeingMovementGenerator.cpp
  FlightPathMovementGenerator.cpp
  FollowMovementGenerator.cpp
  FormationMovementGenerator.cpp
  GenericMovementGenerator.cpp
  HomeMovementGenerator.cpp
  IdleMovementGenerator.cpp
  PointMovementGenerator.cpp
  RandomMovementGenerator.cpp
  SplineChainMovementGenerator.cpp
  WaypointMovementGenerator.cpp
  MoveSpline.cpp
  MoveSplineInit.cpp
  MovementUtil.cpp
  Spline.cpp
  enuminfo_MoveSplineFlag.cpp
  WaypointManager.cpp
  OutdoorPvP.cpp
  OutdoorPvPMgr.cpp
  PetitionMgr.cpp
  PersonalPhaseTracker.cpp
  PhaseShift.cpp
  PhasingHandler.cpp
  PoolMgr.cpp
  QuestPools.cpp
  QuestDef.cpp
  QuestMgr.cpp
  QuestObjectiveCriteriaMgr.cpp
  enuminfo_QuestDef.cpp
  ReputationMgr.cpp
  InstanceScenario.cpp
  Scenario.cpp
  ScenarioMgr.cpp
  ScriptMgr.cpp
  ScriptReloadMgr.cpp
  ScriptSystem.cpp
  ScriptActions.cpp
  Packet.cpp
  WorldSession.cpp
  WorldSocket.cpp
  WorldSocketMgr.cpp
  AchievementPackets.cpp
  AddonPackets.cpp
  AdventureJournalPackets.cpp
  AdventureMapPackets.cpp
  AreaTriggerPackets.cpp
  ArtifactPackets.cpp
  AuctionHousePackets.cpp
  AuthenticationPackets.cpp
  AzeritePackets.cpp
  BankPackets.cpp
  BattlePayPackets.cpp
  BattlePetPackets.cpp
  BattlegroundPackets.cpp
  BattlenetPackets.cpp
  BlackMarketPackets.cpp
  CalendarPackets.cpp
  ChannelPackets.cpp
  CharacterPackets.cpp
  ChatPackets.cpp
  ClientConfigPackets.cpp
  CollectionPackets.cpp
  CombatLogPackets.cpp
  CombatLogPacketsCommon.cpp
  CombatPackets.cpp
  CraftingPacketsCommon.cpp
  DuelPackets.cpp
  EquipmentSetPackets.cpp
  GameObjectPackets.cpp
  GarrisonPackets.cpp
  GuildPackets.cpp
  HotfixPackets.cpp
  HousingPackets.cpp
  InspectPackets.cpp
  InstancePackets.cpp
  ItemPackets.cpp
  ItemPacketsCommon.cpp
  LFGPackets.cpp
  LFGPacketsCommon.cpp
  LootPackets.cpp
  MailPackets.cpp
  MiscPackets.cpp
  MovementPackets.cpp
  MythicPlusPacketsCommon.cpp
  NPCPackets.cpp
  PacketUtilities.cpp
  PartyPackets.cpp
  PerksProgramPacketsCommon.cpp
  PetPackets.cpp
  PetitionPackets.cpp
  QueryPackets.cpp
  QuestPackets.cpp
  ReferAFriendPackets.cpp
  ReputationPackets.cpp
  ScenarioPackets.cpp
  ScenePackets.cpp
  SocialPackets.cpp
  SpellPackets.cpp
  SystemPackets.cpp
  TalentPackets.cpp
  TaxiPackets.cpp
  TicketPackets.cpp
  TokenPackets.cpp
  TotemPackets.cpp
  ToyPackets.cpp
  TradePackets.cpp
  TraitPackets.cpp
  TraitPacketsCommon.cpp
  TransmogrificationPackets.cpp
  VehiclePackets.cpp
  VignettePackets.cpp
  WhoPackets.cpp
  WorldStatePackets.cpp
  Opcodes.cpp
  PacketLog.cpp
  ClubMembershipService.cpp
  ClubService.cpp
  ClubUtils.cpp
  WorldserverGameUtilitiesService.cpp
  WorldserverServiceDispatcher.cpp
  SkillDiscovery.cpp
  SkillExtraItems.cpp
  Spell.cpp
  SpellEffects.cpp
  SpellHistory.cpp
  SpellInfo.cpp
  SpellMgr.cpp
  SpellScript.cpp
  TraitMgr.cpp
  SpellAuraEffects.cpp
  SpellAuras.cpp
  WhoListStorage.cpp
  SupportMgr.cpp
  ChatTextBuilder.cpp
  CreatureTextMgr.cpp
  GameTime.cpp
  UpdateTime.cpp
  WowTime.cpp
  CharacterDatabaseCleaner.cpp
  PlayerDump.cpp
  TransmogMgr.cpp
  Weather.cpp
  WeatherMgr.cpp
  World.cpp
  WorldStateMgr.cpp
  game.vcxproj -> I:\tc_shop\build\src\server\game\Release\game.lib
BUILD_EXIT=0
